https://xyz789.s3y.io/count?vid=be6daa1b358b3fda04f5fcfd45c334d50a9ec86ab39c62ef20ea5ecbdbe77676&url=https%3A%2F%2Fwww.this-host-was-called.com%2Fand-this-was-the-path%3Fwith%3Dquery&ua=the%2Fcrazy%2Fuseragent&ref=https%3A%2F%2Fwww.referrer.de%2Fi-refer%3Fbar%3Dfoo