https://xyz789.s3y.io/count?vid=2dc4e4a6b96b8349edd6bad627dccee301389f0d92d528ce625f38a5819d7aca&url=https%3A%2F%2Fwww.this-host-was-called.com%2Fand-this-was-the-path%3Fwith%3Dquery&ua=Mozilla%2FSafari%2FChrome%2F1.2&ref=https%3A%2F%2Fwww.referrer.de%2Fi-refer%3Fbar%3Dfoo&ip=2.3.4.5