https://xyz789.s3y.io/count?vid=7416057d059dbbb11b8d565cea4c4e9cf5dbf8c641e497fbdb2407ac1e503378&url=https%3A%2F%2Fwww.this-host-was-called.com%2Fand-this-was-the-path%3Futm_source%3Dadnetwork&ua=Mozilla%2FSafari%2FChrome%2F1.2&ref=https%3A%2F%2Fwww.referrer.de