https://abc123.s3y.io/count?vid=43c34e10302f7971108510a11b5b65c8bb1b8881d24d074fa1fef1845c7e71be&url=https%3A%2F%2Fwww.schwuppi.de%2Fpapapa%3Fbar%3Dbaz&ua=Mozilla%2FSafari%2FChrome&ref=https%3A%2F%2Fwww.lalala.com%2Fkokoko%3Ffoo%3Dbar