https://xyz789.s3y.io/count?vid=2b4da502d0eff0938818e6ad44035912a85879cd9d0d5bb62e25d559263939f6&url=https%3A%2F%2Fwww.this-host-was-called.com%2Fand-this-was-the-path%3Fwith%3Dquery&ua=the%2Fcrazy%2Fuseragent%2F2.344&ref=https%3A%2F%2Fwww.referrer.de%2Fi-refer%3Fbar%3Dfoo