https://w2dxe.s3y.io/count?vid=59ad84bc385b9d28001fd409b2493785b49684679e9e0a5536ac5b57a1e61140&url=https%3A%2F%2Fwww.this-host-was-called.com%2Fand-this-was-the-path%3Fwith%3Dquery%26utm_source%3Dadnetwork&ua=Mozilla%2FSafari%2FChrome%2F1.2&ref=https%3A%2F%2Fwww.referrer.de