https://abc123.s3y.io/count?vid=8629d2f8b6943e047742d575deef4585783263fa6e8620111bcab559ae2a1239&url=https%3A%2F%2Fwww.schwuppi.de%2Fpapapa&ua=Mozilla%2FSafari%2FChrome&ref=https%3A%2F%2Fwww.lalala.com